MINXSS-2,43758,               2020-10-01 10:55:40.810,  2020-10-01 11:04:36.304
GRIFEX,40379,                 2020-10-01 11:08:01.222,  2020-10-01 11:17:03.796
SIRIUSSAT-1,43595,            2020-10-01 11:23:26.923,  2020-10-01 11:29:34.559
SIRIUSSAT-2,43596,            2020-10-01 11:32:28.913,  2020-10-01 11:38:34.491
ELFIN-B,43616,                2020-10-01 11:38:34.491,  2020-10-01 11:42:37.642
FIREBIRD 4,40378,             2020-10-01 11:56:58.714,  2020-10-01 12:06:00.316
POLYITAN-1,40042,             2020-10-01 12:07:53.563,  2020-10-01 12:17:05.357
FIREBIRD 3,40377,             2020-10-01 12:21:13.527,  2020-10-01 12:29:53.078
SIRIUSSAT-1,43595,            2020-10-01 12:58:07.915,  2020-10-01 13:04:14.688